***** External Functions *****
1    AddFontRegistrationToLog                           isrt.obl(Misc.obs)
2    AppSearch                                          isrt.obl(Driver.obs)
3    CCPSearch                                          isrt.obl(Driver.obs)
4    ChangeDirectory                                    isrt.obl(Files.obs)
5    CloseFile                                          isrt.obl(Files.obs)
6    CmdGetHwndDlg                                      isrt.obl(CustomDialog.obs)
7    CoCreateObject                                     isrt.obl(Misc.obs)
8    ComponentAddFileToLog                              isrt.obl(component.obs)
9    ComponentCompareSizeRequired                       isrt.obl(component.obs)
10   ComponentGetData                                   isrt.obl(component.obs)
11   ComponentGetTotalCost                              isrt.obl(component.obs)
12   ComponentIsItemSelected                            isrt.obl(component.obs)
13   ComponentListItems                                 isrt.obl(component.obs)
14   ComponentSelectItem                                isrt.obl(component.obs)
15   ComponentTreeInit                                  isrt.obl(Dialogs.obs)
16   CreateDir                                          isrt.obl(Files.obs)
17   CreateFile                                         isrt.obl(Files.obs)
18   CreateInstallationInfo                             isrt.obl(Registry.obs)
19   CreateObject                                       isrt.obl(Misc.obs)
20   CreateRegistrySet                                  isrt.obl(Feature.obs)
21   CtrlGetCurSel                                      isrt.obl(CustomDialog.obs)
22   CtrlGetDlgItem                                     isrt.obl(CustomDialog.obs)
23   CtrlGetNotificationCode                            isrt.obl(CustomDialog.obs)
24   CtrlGetState                                       isrt.obl(CustomDialog.obs)
25   CtrlGetSubCommand                                  isrt.obl(CustomDialog.obs)
26   CtrlGetText                                        isrt.obl(CustomDialog.obs)
27   CtrlSelectText                                     isrt.obl(CustomDialog.obs)
28   CtrlSetCurSel                                      isrt.obl(CustomDialog.obs)
29   CtrlSetList                                        isrt.obl(CustomDialog.obs)
30   CtrlSetMLEText                                     isrt.obl(CustomDialog.obs)
31   CtrlSetState                                       isrt.obl(CustomDialog.obs)
32   CtrlSetText                                        isrt.obl(CustomDialog.obs)
33   DIFxDriverPackageUninstall                         isrt.obl(ISDIFx.obs)
34   DRMINSTALLERPRO.DRMInstallPRO                      isrt.obl(Activation.obs)
35   DRMINSTALLERPRO.DRMUnInstallPRO                    isrt.obl(Activation.obs)
36   DefineDialog                                       isrt.obl(CustomDialog.obs)
37   Delay                                              isrt.obl(Misc.obs)
38   DeleteFile                                         isrt.obl(Files.obs)
39   DeleteSingleFile                                   isrt.obl(Files.obs)
40   DialogSetDefaultFont                               isrt.obl(Dialogs.obs)
41   DialogSetFont                                      isrt.obl(Dialogs.obs)
42   DialogSetInfo                                      isrt.obl(Dialogs.obs)
43   Disable                                            isrt.obl(Enable.obs)
44   DllSizeOf                                          isrt.obl(Str.obs)
45   Do                                                 isrt.obl(Misc.obs)
46   Enable                                             isrt.obl(Enable.obs)
47   EndCurrentDialog                                   isrt.obl(Dialogs.obs)
48   EndDialog                                          isrt.obl(CustomDialog.obs)
49   EnterDisk                                          isrt.obl(ISRTScriptDialogs.obs)
50   EnterDiskError                                     isrt.obl(ISRTScriptDialogs.obs)
51   EnterPassword                                      isrt.obl(ISRTScriptDialogs.obs)
52   ExistsDir                                          isrt.obl(Files.obs)
53   ExistsDisk                                         isrt.obl(Files.obs)
54   ExitInstall                                        isrt.obl(Driver.obs)
55   EzDefineDialog                                     isrt.obl(CustomDialog.obs)
56   FeatureAddFileToLog                                isrt.obl(Feature.obs)
57   FeatureCompareSizeRequired                         isrt.obl(Feature.obs)
58   FeatureConfigureFeaturesFromSuite                  isrt.obl(Feature.obs)
59   FeatureErrorInfo                                   isrt.obl(Feature.obs)
60   FeatureFilterLanguage                              isrt.obl(Feature.obs)
61   FeatureFilterOS                                    isrt.obl(Feature.obs)
62   FeatureGetData                                     isrt.obl(Feature.obs)
63   FeatureGetTotalCost                                isrt.obl(Feature.obs)
64   FeatureIsItemSelected                              isrt.obl(Feature.obs)
65   FeatureListItems                                   isrt.obl(Feature.obs)
66   FeaturePatch                                       isrt.obl(Feature.obs)
67   FeatureReinstall                                   isrt.obl(Feature.obs)
68   FeatureRemoveAllInLogOnly                          isrt.obl(Feature.obs)
69   FeatureRemoveAllInMedia                            isrt.obl(Feature.obs)
70   FeatureRemoveAllInMediaAndLog                      isrt.obl(Feature.obs)
71   FeatureSaveTarget                                  isrt.obl(Feature.obs)
72   FeatureSelectItem                                  isrt.obl(Feature.obs)
73   FeatureSelectNew                                   isrt.obl(Feature.obs)
74   FeatureTransferData                                isrt.obl(Feature.obs)
75   FeatureUpdate                                      isrt.obl(Feature.obs)
76   FeatureValidate                                    isrt.obl(Feature.obs)
77   FinalConstruct                                     ifx.obl(EventsPriv.obs)
78   FinalRelease                                       ifx.obl(EventsPriv.obs)
79   FindFile                                           isrt.obl(Files.obs)
80   FormatMessage                                      isrt.obl(Misc.obs)
81   GDI32.AddFontResource                              Setup.obs
82   GDI32.CreateRectRgn                                Setup.obs
83   GDI32.GetDeviceCaps                                Setup.obs
84   GDI32.RemoveFontResource                           Setup.obs
85   GetAddRemove                                       isrt.obl(SysVars.obs)
86   GetBillboard                                       isrt.obl(SysVars.obs)
87   GetCmdLine                                         isrt.obl(SysVars.obs)
88   GetCurrentDialogName                               isrt.obl(Dialogs.obs)
89   GetCurrentDir                                      isrt.obl(Files.obs)
90   GetDialogTitle                                     isrt.obl(Dialogs.obs)
91   GetDir                                             isrt.obl(Str.obs)
92   GetDisk                                            isrt.obl(Str.obs)
93   GetDiskSpace                                       isrt.obl(GSI.obs)
94   GetDiskSpaceEx                                     isrt.obl(GSI.obs)
95   GetEnabledIServices                                isrt.obl(SysVars.obs)
96   GetErrorMsg                                        isrt.obl(Dialogs.obs)
97   GetErrorTitle                                      isrt.obl(Dialogs.obs)
98   GetExtents                                         isrt.obl(GSI.obs)
99   GetFolderApplications                              isrt.obl(SysVars.obs)
100  GetFolderApplications64                            isrt.obl(SysVars.obs)
101  GetFolderDotNet10                                  isrt.obl(SysVars.obs)
102  GetFolderDotNet11                                  isrt.obl(SysVars.obs)
103  GetFolderDotNet20                                  isrt.obl(SysVars.obs)
104  GetFolderFonts                                     isrt.obl(SysVars.obs)
105  GetISRes                                           isrt.obl(SysVars.obs)
106  GetISUser                                          isrt.obl(SysVars.obs)
107  GetInstallScriptMSI                                isrt.obl(SysVars.obs)
108  GetInstanceGUID                                    isrt.obl(SysVars.obs)
109  GetKeyPathWinCurrVerAuto                           isrt.obl(SysVars.obs)
110  GetLine                                            isrt.obl(Files.obs)
111  GetLog                                             isrt.obl(SysVars.obs)
112  GetLogEx                                           isrt.obl(SysVars.obs)
113  GetMaintOption                                     isrt.obl(SysVars.obs)
114  GetMaintenance                                     isrt.obl(SysVars.obs)
115  GetMultiInstanceCount                              isrt.obl(SysVars.obs)
116  GetOpenFileMode                                    isrt.obl(Files.obs)
117  GetPackageLocation                                 isrt.obl(SysVars.obs)
118  GetProductGUID                                     isrt.obl(SysVars.obs)
119  GetProfString                                      isrt.obl(Profile.obs)
120  GetProgramFiles                                    isrt.obl(SysVars.obs)
121  GetReinstallMode                                   isrt.obl(SysVars.obs)
122  GetRemoveAllMode                                   isrt.obl(SysVars.obs)
123  GetRemoveOnly                                      isrt.obl(SysVars.obs)
124  GetSelectedTreeComponent                           isrt.obl(CmptView.obs)
125  GetShowPasswordDialog                              isrt.obl(SysVars.obs)
126  GetStandardSelectedLanguage                        isrt.obl(SysVars.obs)
127  GetSuiteHosted                                     isrt.obl(SysVars.obs)
128  GetSupportDir                                      isrt.obl(SysVars.obs)
129  GetSystemInfo                                      isrt.obl(GSI.obs)
130  GetTempFolder                                      isrt.obl(SysVars.obs)
131  GetTrueTypeFontFileInfo                            isrt.obl(Misc.obs)
132  GetUserSelectableAuto                              isrt.obl(SysVars.obs)
133  GetWinDir                                          isrt.obl(SysVars.obs)
134  GetWinSysDir                                       isrt.obl(SysVars.obs)
135  GetWindowHandle                                    isrt.obl(Misc.obs)
136  HIWORD                                             isrt.obl(Misc.obs)
137  ISDeterminePlatform                                isrt.obl(OsInfo.obs)
138  ISMIF32.InstallStatusMIF                           isrt.obl(MIF.obs)
139  ISRT.ComponentViewSetInfoEx                        isrt.obl(Dialogs.obs)
140  ISRT.EnableHourGlass                               isrt.obl(Enable.obs)
141  ISRT.GetCPUType                                    isrt.obl(GSI.obs)
142  ISRT.GetFontSub                                    isrt.obl(Dialogs.obs)
143  ISRT.GetHandle                                     Setup.obs
144  ISRT.GetPorts                                      isrt.obl(GSI.obs)
145  ISRT.IsEmpty                                       Setup.obs
146  ISRT.IsNTAdmin                                     isrt.obl(Is.obs)
147  ISRT.IsObject                                      Setup.obs
148  ISRT.IsPowerUser                                   isrt.obl(Is.obs)
149  ISRT.LangLoadString                                isrt.obl(SDINT.obs)
150  ISRT.MessageBeepP                                  Setup.obs
151  ISRT.PathCompactPathPixel                          isrt.obl(CustomDialog.obs)
152  ISRT.PathGetDir                                    isrt.obl(Str.obs)
153  ISRT.PathGetDrive                                  isrt.obl(Str.obs)
154  ISRT.PathGetFile                                   isrt.obl(Files.obs)
155  ISRT.PathGetFileExt                                isrt.obl(Str.obs)
156  ISRT.PathGetFileName                               isrt.obl(Str.obs)
157  ISRT.PathGetPath                                   isrt.obl(Str.obs)
158  ISRT.PathIsValidSyntax                             isrt.obl(Is.obs)
159  ISRT.VerGetFileVersion                             Setup.obs
160  ISRT._AppSearch                                    Setup.obs
161  ISRT._BrowseForFolder                              isrt.obl(ISRTScriptDialogsPriv.obs)
162  ISRT._CCPSearch                                    Setup.obs
163  ISRT._CleanupInet                                  isrt.obl(MIO.obs)
164  ISRT._CloseFile                                    isrt.obl(Files.obs)
165  ISRT._CmdGetHwndDlg                                isrt.obl(CustomDialog.obs)
166  ISRT._CompareDWORD                                 isrt.obl(Extend.obs)
167  ISRT._ComponentCompareSizeRequired                 isrt.obl(Feature.obs)
168  ISRT._ComponentErrorInfo                           isrt.obl(Feature.obs)
169  ISRT._ComponentFilterLanguage                      isrt.obl(Feature.obs)
170  ISRT._ComponentFilterOS                            isrt.obl(Feature.obs)
171  ISRT._ComponentGetData                             isrt.obl(Feature.obs)
172  ISRT._ComponentGetTotalCost                        isrt.obl(Feature.obs)
173  ISRT._ComponentGetTotalCostEx                      Setup.obs
174  ISRT._ComponentIsItemSelected                      isrt.obl(Feature.obs)
175  ISRT._ComponentListItems                           isrt.obl(Feature.obs)
176  ISRT._ComponentPatch                               isrt.obl(Feature.obs)
177  ISRT._ComponentReinstall                           isrt.obl(Feature.obs)
178  ISRT._ComponentRemoveAll                           isrt.obl(Feature.obs)
179  ISRT._ComponentRemoveAllInLogOnly                  isrt.obl(Feature.obs)
180  ISRT._ComponentSaveTarget                          isrt.obl(Feature.obs)
181  ISRT._ComponentSelectItem                          isrt.obl(Feature.obs)
182  ISRT._ComponentSelectNew                           isrt.obl(Feature.obs)
183  ISRT._ComponentTransferData                        isrt.obl(Feature.obs)
184  ISRT._ComponentUpdate                              isrt.obl(Feature.obs)
185  ISRT._ComponentValidate                            isrt.obl(Feature.obs)
186  ISRT._CreateDir                                    isrt.obl(Files.obs)
187  ISRT._CreateObject                                 isrt.obl(Misc.obs)
188  ISRT._CreateRegistrySet                            isrt.obl(Feature.obs)
189  ISRT._CtrlGetNotificationCode                      isrt.obl(CustomDialog.obs)
190  ISRT._CtrlGetSubCommand                            isrt.obl(CustomDialog.obs)
191  ISRT._CtrlSetHtmlContent                           isrt.obl(CustomDialog.obs)
192  ISRT._CtrlSetMLERichText                           isrt.obl(CustomDialog.obs)
193  ISRT._DIFxDriverPackageUninstall                   isrt.obl(ISDIFx.obs)
194  ISRT._DefineDialog                                 isrt.obl(CustomDialog.obs)
195  ISRT._DialogSetFont                                isrt.obl(Dialogs.obs)
196  ISRT._DisableStatus                                isrt.obl(Enable.obs)
197  ISRT._DoSprintf                                    isrt.obl(ISRTScriptDialogsPriv.obs)
198  ISRT._EnableDialogCache                            isrt.obl(Enable.obs)
199  ISRT._EnablePrevDialog                             Setup.obs
200  ISRT._EnableSkins                                  isrt.obl(Enable.obs)
201  ISRT._EnableStatus                                 isrt.obl(Enable.obs)
202  ISRT._EnableWow64FsRedirection                     isrt.obl(Enable.obs)
203  ISRT._EndDialog                                    isrt.obl(CustomDialog.obs)
204  ISRT._ExistsDir                                    isrt.obl(Files.obs)
205  ISRT._ExistsDisk                                   isrt.obl(Files.obs)
206  ISRT._ExistsFile                                   isrt.obl(Files.obs)
207  ISRT._ExitInstall                                  Setup.obs
208  ISRT._GetCurrentDialogName                         isrt.obl(Dialogs.obs)
209  ISRT._GetDiskSpaceEx                               isrt.obl(GSI.obs)
210  ISRT._GetDiskSpaceExEx                             Setup.obs
211  ISRT._GetGlobalFlags                               ifx.obl(EventsPriv.obs)
212  ISRT._GetGlobalMemorySize                          isrt.obl(GSI.obs)
213  ISRT._GetLine                                      isrt.obl(Files.obs)
214  ISRT._GetLineSize                                  isrt.obl(Files.obs)
215  ISRT._GetProcessorInfo                             isrt.obl(OsInfo.obs)
216  ISRT._GetSelectedTreeComponent                     isrt.obl(CmptView.obs)
217  ISRT._GetStandardLangId                            isrt.obl(Misc.obs)
218  ISRT._GetSupportDir                                isrt.obl(SysVars.obs)
219  ISRT._GetSystemDpi                                 isrt.obl(GSI.obs)
220  ISRT._GetTrueTypeFontFileInfo                      isrt.obl(Misc.obs)
221  ISRT._GetVirtualMachineType                        isrt.obl(GSI.obs)
222  ISRT._InetEndofTransfer                            isrt.obl(iftw.obs)
223  ISRT._InetGetNextDisk                              isrt.obl(iftw.obs)
224  ISRT._InitInstall                                  Setup.obs
225  ISRT._IsFontTypefaceNameAvailable                  isrt.obl(Is.obs)
226  ISRT._IsInAdminGroup                               isrt.obl(Is.obs)
227  ISRT._IsLangSupported                              isrt.obl(Is.obs)
228  ISRT._IsSkinLoaded                                 isrt.obl(Is.obs)
229  ISRT._IsVirtualMachine                             isrt.obl(OsInfo.obs)
230  ISRT._IsWindowsME                                  isrt.obl(GSI.obs)
231  ISRT._IsWow64                                      isrt.obl(OsInfo.obs)
232  ISRT._ListAddItem                                  isrt.obl(scrlist.obs)
233  ISRT._ListAddString                                isrt.obl(scrlist.obs)
234  ISRT._ListCount                                    isrt.obl(scrlist.obs)
235  ISRT._ListCreate                                   isrt.obl(scrlist.obs)
236  ISRT._ListCurrentString                            isrt.obl(scrlist.obs)
237  ISRT._ListDeleteItem                               isrt.obl(scrlist.obs)
238  ISRT._ListDeleteString                             isrt.obl(scrlist.obs)
239  ISRT._ListDestroy                                  isrt.obl(scrlist.obs)
240  ISRT._ListFindString                               isrt.obl(scrlist.obs)
241  ISRT._ListGetFirstItem                             isrt.obl(scrlist.obs)
242  ISRT._ListGetFirstString                           isrt.obl(scrlist.obs)
243  ISRT._ListGetNextItem                              isrt.obl(scrlist.obs)
244  ISRT._ListGetNextString                            isrt.obl(scrlist.obs)
245  ISRT._ListGetType                                  isrt.obl(scrlist.obs)
246  ISRT._ListReadFromFile                             isrt.obl(scrlist.obs)
247  ISRT._ListSetIndex                                 isrt.obl(scrlist.obs)
248  ISRT._ListWriteToFile                              isrt.obl(scrlist.obs)
249  ISRT._MediaGetFilteringInfo                        isrt.obl(Feature.obs)
250  ISRT._MediaGetInfo                                 isrt.obl(Feature.obs)
251  ISRT._OnUninstPriv                                 Setup.obs
252  ISRT._OpenFile                                     isrt.obl(Files.obs)
253  ISRT._Preprogram                                   Setup.obs
254  ISRT._PrintFile                                    isrt.obl(Files.obs)
255  ISRT._Rebooted                                     Setup.obs
256  ISRT._RegCreateKey                                 isrt.obl(Registry.obs)
257  ISRT._RegDeleteValue                               isrt.obl(Registry.obs)
258  ISRT._RegEnableTextSubs                            isrt.obl(Enable.obs)
259  ISRT._RegGetOptions                                isrt.obl(SysVars.obs)
260  ISRT._RegIsRemoteRegConnected                      isrt.obl(Is.obs)
261  ISRT._RegQueryKeyBinaryValue                       isrt.obl(Registry.obs)
262  ISRT._RegQueryKeyValue                             isrt.obl(Registry.obs)
263  ISRT._RegSetKeyBinaryValue                         isrt.obl(Registry.obs)
264  ISRT._RegSetKeyValue                               isrt.obl(Registry.obs)
265  ISRT._RegSetOptions                                isrt.obl(SysVars.obs)
266  ISRT._ReleaseDialog                                isrt.obl(CustomDialog.obs)
267  ISRT._SdShowMsg                                    isrt.obl(ISRTScriptDialogsPriv.obs)
268  ISRT._SetAltMainImage                              isrt.obl(Dialogs.obs)
269  ISRT._SetDisplayEffect                             isrt.obl(ui.obs)
270  ISRT._SetGlobalFlags                               ifx.obl(EventsPriv.obs)
271  ISRT._SetPaletteFile                               isrt.obl(MIO.obs)
272  ISRT._SetSilentSdShowMsg                           isrt.obl(Enable.obs)
273  ISRT._SetTitle                                     isrt.obl(ui.obs)
274  ISRT._SetupInet                                    isrt.obl(MIO.obs)
275  ISRT._SetupTraceWrite                              isrt.obl(Misc.obs)
276  ISRT._ShowObjWizardPages                           isrt.obl(Objects.obs)
277  ISRT._ShowWizardPages                              Setup.obs
278  ISRT._StatusUpdate                                 isrt.obl(ui.obs)
279  ISRT._TreeViewCreate                               isrt.obl(CmptView.obs)
280  ISRT._WaitOnDialog                                 isrt.obl(CustomDialog.obs)
281  ISRT._WriteLine                                    isrt.obl(Files.obs)
282  ISRT.__CreateObjectContext                         isrt.obl(ISRTInit.obs)
283  ISRT.__GetCmdLineOptions                           isrt.obl(ISRTInit.obs)
284  ISRT.__GetContextGUID                              isrt.obl(ISRTInit.obs)
285  ISRT.__GetEnabledIServices                         isrt.obl(SysVars.obs)
286  ISRT.__GetFileRegistrar                            isrt.obl(ISRTInit.obs)
287  ISRT.__GetInfo                                     isrt.obl(ISRTInit.obs)
288  ISRT.__GetInstallGuid                              isrt.obl(SysVars.obs)
289  ISRT.__GetLog                                      isrt.obl(SysVars.obs)
290  ISRT.__GetLogDB                                    isrt.obl(ISRTInit.obs)
291  ISRT.__GetLogEx                                    isrt.obl(SysVars.obs)
292  ISRT.__GetMainWindow                               Setup.obs
293  ISRT.__GetMaintOption                              isrt.obl(SysVars.obs)
294  ISRT.__GetMaintenanceMode                          isrt.obl(SysVars.obs)
295  ISRT.__GetObjects                                  isrt.obl(ISRTInit.obs)
296  ISRT.__GetProductGuid                              isrt.obl(SysVars.obs)
297  ISRT.__GetProgress                                 Setup.obs
298  ISRT.__GetReboot                                   isrt.obl(ISRTInit.obs)
299  ISRT.__GetReinstallMode                            isrt.obl(SysVars.obs)
300  ISRT.__GetRemoveAllMode                            isrt.obl(SysVars.obs)
301  ISRT.__GetTextSub                                  isrt.obl(ISRTInit.obs)
302  ISRT.__GetUpdateMode                               isrt.obl(SysVars.obs)
303  ISRT.__GetUser                                     isrt.obl(MIO.obs)
304  ISRT.__ISRTGetPropertyBag                          ifx.obl(PersistPropertyBag.obs)
305  ISRT.__ISRTReleasePropertyBag                      ifx.obl(PersistPropertyBag.obs)
306  ISRT.__LoadString                                  isrt.obl(LoadStr.obs)
307  ISRT.__PutEnabledIServices                         isrt.obl(Enable.obs)
308  ISRT.__ReleaseObjectContext                        isrt.obl(ISRTInit.obs)
309  ISRT.__RestoreMainLog                              isrt.obl(ISRTInit.obs)
310  ISRT.__RestoreMainLogEx                            isrt.obl(ISRTInit.obs)
311  ISRT.__SetComponentLog                             isrt.obl(ISRTInit.obs)
312  ISRT.__SetUpdateMode                               isrt.obl(SysVars.obs)
313  ISRTHandleScriptException                          isrt.obl(Misc.obs)
314  ISRTOnUninstPriv                                   isrt.obl(Driver.obs)
315  ISRTPreprogram                                     isrt.obl(Driver.obs)
316  IfxFilterComponents                                ifx.obl(EventsSetupPriv.obs)
317  IfxFinalConstruct                                  ifx.obl(EventsSetupPriv.obs)
318  IfxFinalRelease                                    ifx.obl(EventsSetupPriv.obs)
319  IfxInitProperties                                  ifx.obl(PersistPropertyBag.obs)
320  IfxOnAbortInstall                                  ifx.obl(EventsPriv.obs)
321  IfxOnAppSearch                                     ifx.obl(EventsPriv.obs)
322  IfxOnCCPSearch                                     ifx.obl(EventsPriv.obs)
323  IfxOnCanceling                                     ifx.obl(EventsPriv.obs)
324  IfxOnDisk1Installed                                ifx.obl(EventsSetupPriv.obs)
325  IfxOnDisk1Installing                               ifx.obl(EventsSetupPriv.obs)
326  IfxOnExitInstall                                   ifx.obl(EventsSetupPriv.obs)
327  IfxOnFileError                                     ifx.obl(EventsSetupPriv.obs)
328  IfxOnFileLocked                                    ifx.obl(EventsSetupPriv.obs)
329  IfxOnFileReadOnly                                  ifx.obl(EventsSetupPriv.obs)
330  IfxOnGeneralScriptOp                               ifx.obl(EventsPriv.obs)
331  IfxOnHelp                                          ifx.obl(EventsPriv.obs)
332  IfxOnInitInstall                                   ifx.obl(EventsSetupPriv.obs)
333  IfxOnInternetError                                 ifx.obl(EventsSetupPriv.obs)
334  IfxOnMD5Error                                      ifx.obl(EventsSetupPriv.obs)
335  IfxOnNextDisk                                      ifx.obl(EventsSetupPriv.obs)
336  IfxOnRebooted                                      ifx.obl(EventsPriv.obs)
337  IfxOnRemovingSharedFile                            ifx.obl(EventsSetupPriv.obs)
338  IfxOnShowWizardPages                               ifx.obl(EventsSetupPriv.obs)
339  IfxOnTransferred                                   ifx.obl(EventsPriv.obs)
340  IfxOnTransferring                                  ifx.obl(EventsSetupPriv.obs)
341  IfxOnUnhandledException                            ifx.obl(EventsPriv.obs)
342  IfxOnUninst                                        ifx.obl(EventsSetupPriv.obs)
343  IfxOnUninstPriv                                    ifx.obl(EventsSetupPriv.obs)
344  IfxPostprogram                                     ifx.obl(EventsSetupPriv.obs)
345  IfxPreprogram                                      ifx.obl(EventsSetupPriv.obs)
346  IfxReadProperties                                  ifx.obl(PersistPropertyBag.obs)
347  IfxRunAfterReboot                                  ifx.obl(EventsSetupPriv.obs)
348  IfxWriteProperties                                 ifx.obl(PersistPropertyBag.obs)
349  InetEndofTransfer                                  isrt.obl(iftw.obs)
350  InetNextDisk                                       isrt.obl(iftw.obs)
351  InitInstall                                        isrt.obl(Driver.obs)
352  InitProperties                                     ifx.obl(PersistPropertyBag.obs)
353  Is                                                 isrt.obl(Is.obs)
354  IsInetInstall                                      isrt.obl(iftw.obs)
355  KERNEL.GetModuleHandle                             Setup.obs
356  KERNEL32.CloseHandle                               Setup.obs
357  KERNEL32.CreateFileW                               Setup.obs
358  KERNEL32.DeleteFileW                               Setup.obs
359  KERNEL32.FindClose                                 Setup.obs
360  KERNEL32.FindFirstFileW                            Setup.obs
361  KERNEL32.FindNextFileW                             Setup.obs
362  KERNEL32.FormatMessageW                            Setup.obs
363  KERNEL32.FreeLibrary                               Setup.obs
364  KERNEL32.GetCurrentDirectoryW                      Setup.obs
365  KERNEL32.GetDriveType                              Setup.obs
366  KERNEL32.GetFileAttributesW                        Setup.obs
367  KERNEL32.GetLocalTime                              Setup.obs
368  KERNEL32.GetLocaleInfo                             Setup.obs
369  KERNEL32.GetPrivateProfileString                   Setup.obs
370  KERNEL32.GetPrivateProfileStringW                  Setup.obs
371  KERNEL32.GetProcAddress                            Setup.obs
372  KERNEL32.GetProfileStringW                         Setup.obs
373  KERNEL32.GetSystemDefaultLCID                      Setup.obs
374  KERNEL32.GetSystemDefaultLangID                    Setup.obs
375  KERNEL32.GetSystemDefaultUILanguage                Setup.obs
376  KERNEL32.GetTickCount                              Setup.obs
377  KERNEL32.GetUserDefaultLangID                      Setup.obs
378  KERNEL32.GetVersion                                Setup.obs
379  KERNEL32.GetVersionEx                              Setup.obs
380  KERNEL32.GetVolumeInformation                      Setup.obs
381  KERNEL32.GetWindowsDirectory                       Setup.obs
382  KERNEL32.LoadLibraryW                              Setup.obs
383  KERNEL32.SetCurrentDirectoryW                      Setup.obs
384  KERNEL32.SetFileAttributesW                        Setup.obs
385  KERNEL32.Sleep                                     Setup.obs
386  KERNEL32.WritePrivateProfileString                 Setup.obs
387  KERNEL32.WritePrivateProfileStringW                Setup.obs
388  KERNEL32.WriteProfileStringW                       Setup.obs
389  KERNEL32.lstrlenW                                  Setup.obs
390  LOWORD                                             isrt.obl(Misc.obs)
391  LaunchAppAndWaitInitStartupInfo                    isrt.obl(Extend.obs)
392  LaunchApplicationInit                              isrt.obl(Extend.obs)
393  ListAddItem                                        isrt.obl(scrlist.obs)
394  ListAddString                                      isrt.obl(scrlist.obs)
395  ListCount                                          isrt.obl(scrlist.obs)
396  ListCreate                                         isrt.obl(scrlist.obs)
397  ListCurrentString                                  isrt.obl(scrlist.obs)
398  ListDeleteItem                                     isrt.obl(scrlist.obs)
399  ListDeleteString                                   isrt.obl(scrlist.obs)
400  ListDestroy                                        isrt.obl(scrlist.obs)
401  ListFindString                                     isrt.obl(scrlist.obs)
402  ListGetFirstItem                                   isrt.obl(scrlist.obs)
403  ListGetFirstString                                 isrt.obl(scrlist.obs)
404  ListGetNextItem                                    isrt.obl(scrlist.obs)
405  ListGetNextString                                  isrt.obl(scrlist.obs)
406  ListGetType                                        isrt.obl(scrlist.obs)
407  ListReadFromFile                                   isrt.obl(scrlist.obs)
408  ListSetIndex                                       isrt.obl(scrlist.obs)
409  ListValid                                          isrt.obl(scrlist.obs)
410  ListValidType                                      isrt.obl(scrlist.obs)
411  ListWriteToFile                                    isrt.obl(scrlist.obs)
412  ListWriteToFileEx                                  isrt.obl(scrlist.obs)
413  LoadStringFromStringTable                          isrt.obl(Str.obs)
414  LogReadCustomNumber                                isrt.obl(Misc.obs)
415  LogReadCustomString                                isrt.obl(Misc.obs)
416  LogReadCustomVariant                               isrt.obl(Misc.obs)
417  LogWriteCustomNumber                               isrt.obl(Misc.obs)
418  LogWriteCustomString                               isrt.obl(Misc.obs)
419  LogWriteCustomVariant                              isrt.obl(Misc.obs)
420  LongPathToQuote                                    isrt.obl(Str.obs)
421  MAKELONG                                           isrt.obl(Misc.obs)
422  MIFCreateMIFFile                                   isrt.obl(MIF.obs)
423  MIFDeleteMIFFile                                   isrt.obl(MIF.obs)
424  MIFInitialize                                      isrt.obl(MIF.obs)
425  MIFSetInformation                                  isrt.obl(MIF.obs)
426  MIFUnInitialize                                    isrt.obl(MIF.obs)
427  MIFWasSetInformationCalled                         isrt.obl(MIF.obs)
428  MIOShutdown                                        isrt.obl(MIO.obs)
429  MIOStartup                                         isrt.obl(MIO.obs)
430  MaintenanceStart                                   isrt.obl(Registry.obs)
431  MediaGetData                                       isrt.obl(Feature.obs)
432  MediaGetDataEx                                     isrt.obl(Feature.obs)
433  MessageBeep                                        isrt.obl(Misc.obs)
434  MessageBox                                         isrt.obl(ISRTScriptDialogsPriv.obs)
435  MessageBoxEx                                       isrt.obl(ISRTScriptDialogsPriv.obs)
436  OnAbort                                            ifx.obl(EventsSetup.obs)
437  OnAppSearch                                        ifx.obl(EventsSetup.obs)
438  OnBegin                                            ifx.obl(EventsSetup.obs)
439  OnCCPSearch                                        ifx.obl(EventsSetup.obs)
440  OnCanceling                                        ifx.obl(EventsSetup.obs)
441  OnCheckMediaPassword                               ifx.obl(EventsSetup.obs)
442  OnComponentError                                   ifx.obl(EventsSetup.obs)
443  OnCustomizeUninstInfo                              ifx.obl(EventsSetup.obs)
444  OnDIFxLogCallback                                  ifx.obl(EventsSetup.obs)
445  OnDIFxLogCallbackImpl                              isrt.obl(ISDIFx.obs)
446  OnEnd                                              Setup.obs
447  OnFileError                                        ifx.obl(EventsSetup.obs)
448  OnFileLocked                                       ifx.obl(EventsSetup.obs)
449  OnFileReadOnly                                     ifx.obl(EventsSetup.obs)
450  OnFilterComponents                                 ifx.obl(EventsSetup.obs)
451  OnFirstUIAfter                                     Setup.obs
452  OnFirstUIBefore                                    Setup.obs
453  OnHelp                                             ifx.obl(EventsSetup.obs)
454  OnIISAppPoolUninstalling                           ifx.obl(EventsPriv.obs)
455  OnIISCheckRequirements                             ifx.obl(EventsPriv.obs)
456  OnIISComponentInstalled                            ifx.obl(EventsPriv.obs)
457  OnIISInitialize                                    ifx.obl(EventsPriv.obs)
458  OnIISUninitialize                                  ifx.obl(EventsPriv.obs)
459  OnIISVRootUninstalling                             ifx.obl(EventsPriv.obs)
460  OnIISWebServiceExtensionUninstalling               ifx.obl(EventsPriv.obs)
461  OnIISWebSiteUninstalling                           ifx.obl(EventsPriv.obs)
462  OnInstallDRMService                                isrt.obl(Activation.obs)
463  OnInstalledFile                                    ifx.obl(EventsSetup.obs)
464  OnInstalledFontFile                                ifx.obl(EventsSetup.obs)
465  OnInstallingFile                                   ifx.obl(EventsSetup.obs)
466  OnInternetError                                    ifx.obl(EventsSetup.obs)
467  OnLaunchAppAndWaitCallback                         ifx.obl(EventsSetup.obs)
468  OnMD5Error                                         ifx.obl(EventsSetup.obs)
469  OnMaintUIAfter                                     ifx.obl(EventsSetup.obs)
470  OnMaintUIBefore                                    ifx.obl(EventsSetup.obs)
471  OnMoveData                                         ifx.obl(EventsSetup.obs)
472  OnMoved                                            ifx.obl(EventsSetup.obs)
473  OnMoving                                           ifx.obl(EventsSetup.obs)
474  OnNetApiCreateUserAccount                          ifx.obl(EventsSetup.obs)
475  OnNetApiCreateUserAccountInternal                  isrt.obl(NetApiRT.obs)
476  OnNextDisk                                         ifx.obl(EventsSetup.obs)
477  OnRebooted                                         ifx.obl(EventsSetup.obs)
478  OnRemovingSharedFile                               ifx.obl(EventsSetup.obs)
479  OnSQLBatchScripts                                  SQLRT.obl(SQLRT.obs)
480  OnSQLComponentInstalled                            SQLRT.obl(SQLRT.obs)
481  OnSQLComponentUninstalled                          SQLRT.obl(SQLRT.obs)
482  OnSQLServerInitialize                              Setup.obs
483  OnSQLServerInitializeMaint                         Setup.obs
484  OnSelfRegistrationError                            ifx.obl(EventsSetup.obs)
485  OnSetTARGETDIR                                     ifx.obl(EventsSetup.obs)
486  OnSetUpdateMode                                    ifx.obl(EventsSetup.obs)
487  OnShowUI                                           ifx.obl(EventsSetup.obs)
488  OnSuiteInstallAfter                                ifx.obl(EventsSetup.obs)
489  OnSuiteInstallBefore                               ifx.obl(EventsSetup.obs)
490  OnSuiteMaintAfter                                  ifx.obl(EventsSetup.obs)
491  OnSuiteMaintBefore                                 ifx.obl(EventsSetup.obs)
492  OnSuiteShowUI                                      ifx.obl(EventsSetup.obs)
493  OnSuiteUpdateAfter                                 ifx.obl(EventsSetup.obs)
494  OnSuiteUpdateBefore                                ifx.obl(EventsSetup.obs)
495  OnUnInstallDRMService                              isrt.obl(Activation.obs)
496  OnUnhandledException                               ifx.obl(EventsPriv.obs)
497  OnUninstall                                        ifx.obl(EventsSetup.obs)
498  OnUninstalledFile                                  ifx.obl(EventsSetup.obs)
499  OnUninstallingDIFxDriverFile                       ifx.obl(EventsSetup.obs)
500  OnUninstallingFile                                 ifx.obl(EventsSetup.obs)
501  OnUninstallingFontFile                             ifx.obl(EventsSetup.obs)
502  OnUpdateUIAfter                                    ifx.obl(EventsSetup.obs)
503  OnUpdateUIBefore                                   ifx.obl(EventsSetup.obs)
504  OnXMLComponentInstalled                            XMLRT.obl(XMLRT.obs)
505  OnXMLComponentUninstalling                         XMLRT.obl(XMLRT.obs)
506  OnXMLInitialize                                    XMLRT.obl(XMLRT.obs)
507  OnXMLUninitialize                                  ifx.obl(EventsPriv.obs)
508  OpenFile                                           isrt.obl(Files.obs)
509  OpenFileMode                                       isrt.obl(Files.obs)
510  ParsePath                                          isrt.obl(Str.obs)
511  Postprogram                                        ifx.obl(EventsSetupPriv.obs)
512  Preprogram                                         ifx.obl(EventsSetupPriv.obs)
513  PrintFile                                          isrt.obl(Files.obs)
514  PthFixPath                                         isrt.obl(Pth.obs)
515  PthIsAbsPath                                       isrt.obl(Pth.obs)
516  ReadProperties                                     ifx.obl(PersistPropertyBag.obs)
517  Rebooted                                           isrt.obl(Driver.obs)
518  RegDBDeleteItem                                    isrt.obl(Registry.obs)
519  RegDBDeleteValue                                   isrt.obl(Registry.obs)
520  RegDBDeleteValueEx                                 isrt.obl(Registry.obs)
521  RegDBDeleteValueEx32                               isrt.obl(Registry.obs)
522  RegDBGetItem                                       isrt.obl(Registry.obs)
523  RegDBGetKeyValueEx                                 isrt.obl(Registry.obs)
524  RegDBQueryValue                                    isrt.obl(Registry.obs)
525  RegDBQueryValue32                                  isrt.obl(Registry.obs)
526  RegDBSetItem                                       isrt.obl(Registry.obs)
527  RegDBSetKeyValueEx                                 isrt.obl(Registry.obs)
528  RegDBSetValue                                      isrt.obl(Registry.obs)
529  RegDBSetValue32                                    isrt.obl(Registry.obs)
530  RegDBSetVersion                                    isrt.obl(Registry.obs)
531  RegisterFontResource                               isrt.obl(Misc.obs)
532  ReleaseDialog                                      isrt.obl(CustomDialog.obs)
533  SQLBrowse2                                         SQLRT.obl(SQLBrowse.obs)
534  SQLDatabaseBrowse                                  SQLRT.obl(SQLBrowse.obs)
535  SQLRT.ISSQLServerAddToBatchInstall                 Setup.obs
536  SQLRT.ISSQLServerAddToBatchUninstall               Setup.obs
537  SQLRT.ISSQLServerComponentInstall                  Setup.obs
538  SQLRT.ISSQLServerComponentUninstall                Setup.obs
539  SQLRT.ISSQLServerConnect                           Setup.obs
540  SQLRT.ISSQLServerDoRollbackAll                     Setup.obs
541  SQLRT.ISSQLServerGetBatchMode                      Setup.obs
542  SQLRT.ISSQLServerGetComponentScriptError2          Setup.obs
543  SQLRT.ISSQLServerGetConnectionAuthentication       Setup.obs
544  SQLRT.ISSQLServerGetConnectionInfo                 Setup.obs
545  SQLRT.ISSQLServerGetConnections                    Setup.obs
546  SQLRT.ISSQLServerGetDatabases                      Setup.obs
547  SQLRT.ISSQLServerGetInstallText                    Setup.obs
548  SQLRT.ISSQLServerGetLastError2                     Setup.obs
549  SQLRT.ISSQLServerGetNextComponentInBatch           Setup.obs
550  SQLRT.ISSQLServerGetServers                        Setup.obs
551  SQLRT.ISSQLServerGetUninstallText                  Setup.obs
552  SQLRT.ISSQLServerInitialize                        Setup.obs
553  SQLRT.ISSQLServerLogUninstallComponent             Setup.obs
554  SQLRT.ISSQLServerPutConnectionAuthentication       Setup.obs
555  SQLRT.ISSQLServerPutConnectionInfo2                Setup.obs
556  SQLRTAddToBatchInstall                             SQLRT.obl(SQLRT.obs)
557  SQLRTAddToBatchUninstall                           SQLRT.obl(SQLRT.obs)
558  SQLRTComponentInstall                              SQLRT.obl(SQLRT.obs)
559  SQLRTComponentUninstall                            SQLRT.obl(SQLRT.obs)
560  SQLRTConnect                                       SQLRT.obl(SQLRT.obs)
561  SQLRTDoRollbackAll                                 SQLRT.obl(SQLRT.obs)
562  SQLRTGetBatchList                                  SQLRT.obl(SQLRT.obs)
563  SQLRTGetBatchMode                                  SQLRT.obl(SQLRT.obs)
564  SQLRTGetComponentScriptError2                      SQLRT.obl(SQLRT.obs)
565  SQLRTGetConnectionAuthentication                   SQLRT.obl(SQLRT.obs)
566  SQLRTGetConnectionInfo                             SQLRT.obl(SQLRT.obs)
567  SQLRTGetConnections                                SQLRT.obl(SQLRT.obs)
568  SQLRTGetDatabases                                  SQLRT.obl(SQLRT.obs)
569  SQLRTGetErrorMessage                               SQLRT.obl(SQLRT.obs)
570  SQLRTGetLastError2                                 SQLRT.obl(SQLRT.obs)
571  SQLRTGetScriptErrorMessage                         SQLRT.obl(SQLRT.obs)
572  SQLRTGetServers                                    SQLRT.obl(SQLRT.obs)
573  SQLRTGetServers2                                   SQLRT.obl(SQLRT.obs)
574  SQLRTInitialize                                    SQLRT.obl(SQLRT.obs)
575  SQLRTInitialize2                                   SQLRT.obl(SQLRT.obs)
576  SQLRTPutConnectionAuthentication                   SQLRT.obl(SQLRT.obs)
577  SQLRTPutConnectionInfo2                            SQLRT.obl(SQLRT.obs)
578  SQLServerSelectLogin2                              SQLRT.obl(SQLServerSelectLoginDlg.obs)
579  SdAskDestPath2                                     isrt.obl(ISRTScriptDialogs.obs)
580  SdCloseDlg                                         isrt.obl(SDINT.obs)
581  SdComponentDlgCheckSpace                           isrt.obl(SDINT.obs)
582  SdDlgToTop                                         isrt.obl(SDINT.obs)
583  SdDoStdButton                                      isrt.obl(SDINT.obs)
584  SdEnablement                                       isrt.obl(SDINT.obs)
585  SdError                                            isrt.obl(SDINT.obs)
586  SdExceptionsInit                                   isrt.obl(ISRTScriptDialogsPriv.obs)
587  SdFeatureTree                                      isrt.obl(ISRTScriptDialogs.obs)
588  SdFinish                                           isrt.obl(ISRTScriptDialogs.obs)
589  SdFinishReboot                                     isrt.obl(ISRTScriptDialogs.obs)
590  SdGeneralInit                                      isrt.obl(SDINT.obs)
591  SdInit                                             isrt.obl(SDINT.obs)
592  SdIsStdButton                                      isrt.obl(SDINT.obs)
593  SdLicense2Ex                                       isrt.obl(ISRTScriptDialogs.obs)
594  SdLoadString                                       isrt.obl(SDINT.obs)
595  SdMakeName                                         isrt.obl(SDINT.obs)
596  SdPlugInProductName                                isrt.obl(SDINT.obs)
597  SdSetDlgTitle                                      isrt.obl(SDINT.obs)
598  SdSetStatic                                        isrt.obl(SDINT.obs)
599  SdShowMsg                                          isrt.obl(ISRTScriptDialogsPriv.obs)
600  SdStartCopy2                                       isrt.obl(ISRTScriptDialogs.obs)
601  SdSubstituteProductInfo                            isrt.obl(SDINT.obs)
602  SdUnInit                                           isrt.obl(SDINT.obs)
603  SdWelcome                                          isrt.obl(ISRTScriptDialogs.obs)
604  SdWelcomeMaint                                     isrt.obl(ISRTScriptDialogs.obs)
605  SelectDir                                          isrt.obl(ISRTScriptDialogsPriv.obs)
606  SelectDirNoLog                                     isrt.obl(ISRTScriptDialogsPriv.obs)
607  SendMessage                                        isrt.obl(Misc.obs)
608  ServiceInitParams                                  isrt.obl(Service.obs)
609  SetCmdLine                                         isrt.obl(SysVars.obs)
610  SetDialogTitle                                     isrt.obl(Dialogs.obs)
611  SetDisplayEffect                                   isrt.obl(ui.obs)
612  SetExtendedErrInfo                                 isrt.obl(IsUtil.obs)
613  SetStatus                                          ifx.obl(EventsSetupPriv.obs)
614  SetStatusEx                                        ifx.obl(EventsSetupPriv.obs)
615  SetStatusExStaticText                              isrt.obl(ui.obs)
616  SetStatusWindow                                    isrt.obl(ui.obs)
617  SetTitle                                           isrt.obl(ui.obs)
618  SetupTraceWrite                                    isrt.obl(Misc.obs)
619  ShowObjWizardPages                                 isrt.obl(Objects.obs)
620  ShowWizardPages                                    isrt.obl(Driver.obs)
621  SilentCreateFile                                   isrt.obl(Silent.obs)
622  SilentDoGeneralInfo                                isrt.obl(Silent.obs)
623  SilentFailed                                       isrt.obl(Silent.obs)
624  SilentFinish                                       isrt.obl(Silent.obs)
625  SilentInit                                         isrt.obl(Silent.obs)
626  SilentLogWriteData                                 isrt.obl(Silent.obs)
627  SilentReadData                                     isrt.obl(Silent.obs)
628  SilentSetInfo                                      isrt.obl(Silent.obs)
629  SilentSetMode                                      isrt.obl(Silent.obs)
630  SilentWriteData                                    isrt.obl(Silent.obs)
631  Sprintf                                            isrt.obl(Str.obs)
632  SprintfBox                                         isrt.obl(ISRTScriptDialogsPriv.obs)
633  StatusUpdate                                       isrt.obl(ui.obs)
634  StrAddLastSlash                                    isrt.obl(Str.obs)
635  StrConvertSizeUnit                                 isrt.obl(Str.obs)
636  StrFindEx                                          isrt.obl(Str.obs)
637  StrGetTokens                                       isrt.obl(Str.obs)
638  StrLength                                          isrt.obl(Str.obs)
639  StrRemoveLastSlash                                 isrt.obl(Str.obs)
640  StrReplace                                         isrt.obl(Str.obs)
641  StrToNumHex                                        isrt.obl(Str.obs)
642  StrToUpper                                         isrt.obl(Str.obs)
643  StrTrim                                            isrt.obl(Str.obs)
644  SuiteLogInfo                                       isrt.obl(SuiteWrappers.obs)
645  SuiteReportError                                   isrt.obl(SuiteWrappers.obs)
646  SysVarsInit                                        isrt.obl(SysVars.obs)
647  SysVarsTrace                                       isrt.obl(SysVars.obs)
648  SysVarsUnInit                                      isrt.obl(SysVars.obs)
649  System                                             isrt.obl(Misc.obs)
650  SystemRestoreCancelRestorePointIS                  isrt.obl(PCRestore.obs)
651  SystemRestoreCloseRestorePointIS                   isrt.obl(PCRestore.obs)
652  SystemRestoreDisableIS                             isrt.obl(PCRestore.obs)
653  SystemRestoreIsEnabledIS                           isrt.obl(PCRestore.obs)
654  SystemRestoreOpenRestorePointIS                    isrt.obl(PCRestore.obs)
655  TextSubGetValue                                    isrt.obl(TextSub.obs)
656  TextSubParseTextSub                                isrt.obl(TextSub.obs)
657  TextSubSetValue                                    isrt.obl(TextSub.obs)
658  TextSubSubstitute                                  isrt.obl(TextSub.obs)
659  TreeViewCreate                                     isrt.obl(CmptView.obs)
660  USER.EnableWindow                                  Setup.obs
661  USER.GetClassName                                  Setup.obs
662  USER.GetDC                                         Setup.obs
663  USER.GetDlgItem                                    Setup.obs
664  USER.GetFocus                                      Setup.obs
665  USER.GetWindowLong                                 Setup.obs
666  USER.GetWindowRect                                 Setup.obs
667  USER.IsIconic                                      Setup.obs
668  USER.IsWindow                                      Setup.obs
669  USER.PostMessage                                   Setup.obs
670  USER.ReleaseDC                                     Setup.obs
671  USER.SendMessageW                                  Setup.obs
672  USER.SetFocus                                      Setup.obs
673  USER.SetWindowPos                                  Setup.obs
674  USER.SetWindowText                                 Setup.obs
675  USER.ShowWindow                                    Setup.obs
676  USER32.CharUpperBuffW                              Setup.obs
677  USER32.DispatchMessage                             Setup.obs
678  USER32.GetDesktopWindow                            Setup.obs
679  USER32.GetSystemMetrics                            Setup.obs
680  USER32.GetWindowText                               Setup.obs
681  USER32.GetWindowTextLength                         Setup.obs
682  USER32.IsWindowVisible                             Setup.obs
683  USER32.MessageBoxW                                 Setup.obs
684  USER32.PeekMessageW                                Setup.obs
685  USER32.SendMessageW                                Setup.obs
686  USER32.SetForegroundWindow                         Setup.obs
687  USER32.SetWindowLong                               Setup.obs
688  USER32.SetWindowRgn                                Setup.obs
689  USER32.TranslateMessage                            Setup.obs
690  UpdateServiceEnableUpdateService                   isrt.obl(ISUpdateService.obs)
691  VarInit                                            isrt.obl(SysVars.obs)
692  VarRestore                                         isrt.obl(SysVars.obs)
693  VarRestoreISRT                                     isrt.obl(SysVars.obs)
694  VarSave                                            isrt.obl(SysVars.obs)
695  VarSaveISRT                                        isrt.obl(SysVars.obs)
696  VerCompare                                         isrt.obl(version.obs)
697  VerProductCompareVersions                          isrt.obl(version.obs)
698  VerProductGetInstalledVersion                      isrt.obl(version.obs)
699  VerProductIsVersionSupported                       isrt.obl(version.obs)
700  VerProductNumToStr                                 isrt.obl(version.obs)
701  VerProductStrToNum                                 isrt.obl(version.obs)
702  VerProductVerFromVerParts                          isrt.obl(version.obs)
703  VerProductVerPartsFromVer                          isrt.obl(version.obs)
704  WaitOnDialog                                       isrt.obl(CustomDialog.obs)
705  WizardDirection                                    ifx.obl(EventsSetupPriv.obs)
706  WriteLine                                          isrt.obl(Files.obs)
707  WriteProfInt                                       isrt.obl(Profile.obs)
708  WriteProfString                                    isrt.obl(Profile.obs)
709  WriteProperties                                    ifx.obl(PersistPropertyBag.obs)
710  XMLRT.ISXMLComponentInstall                        Setup.obs
711  XMLRT.ISXMLComponentUninstall                      Setup.obs
712  XMLRT.ISXMLGetIsXmlInstalled                       Setup.obs
713  XMLRT.ISXMLGetLastErrorInfo                        Setup.obs
714  XMLRT.ISXMLInitialize                              Setup.obs
715  XMLRT.ISXMLUninitialize                            Setup.obs
716  XMLRTCheckXMLRequirements                          XMLRT.obl(XMLRT.obs)
717  XMLRTComponentInstall                              XMLRT.obl(XMLRT.obs)
718  XMLRTComponentUninstall                            XMLRT.obl(XMLRT.obs)
719  XMLRTInitialize                                    XMLRT.obl(XMLRT.obs)
720  XMLRTUninitialize                                  XMLRT.obl(XMLRT.obs)
721  __ISRTDoExit                                       isrt.obl(Misc.obs)
722  __ISRTInit                                         isrt.obl(ISRTInit.obs)
723  __ISRTRestoreMainLog                               isrt.obl(ISRTInit.obs)
724  __ISRTRestoreMainLogEx                             isrt.obl(ISRTInit.obs)
725  __ISRTSetComponentLog                              isrt.obl(ISRTInit.obs)
726  __ISRTUnInit                                       isrt.obl(ISRTInit.obs)
727  __LoadIScriptString                                isrt.obl(LoadStr.obs)
728  program                                            ifx.obl(EventsSetupPriv.obs)
729  sfc.SRSetRestorePointW                             Setup.obs


***** External Variables *****
1    ADDREMOVE                                          isrt.obl(DebugSymbols.obs)
2    ADDREMOVE_COMBINEDBUTTON                           Setup.obs
3    ADDREMOVE_HIDECHANGEOPTION                         Setup.obs
4    ADDREMOVE_HIDEREMOVEOPTION                         Setup.obs
5    ADDREMOVE_HIDEREPAIROPTION                         Setup.obs
6    ADDREMOVE_STRING_REMOVEONLY                        Setup.obs
7    ADDREMOVE_SYSTEMCOMPONENT                          Setup.obs
8    ADMINUSER                                          Setup.obs
9    ALLUSERS                                           Setup.obs
10   BASICMSI                                           isrt.obl(DebugSymbols.obs)
11   BATCH_INSTALL                                      Setup.obs
12   CMDLINE                                            isrt.obl(DebugSymbols.obs)
13   COMMONFILES                                        isrt.obl(DebugSymbols.obs)
14   COMMONFILES64                                      isrt.obl(DebugSymbols.obs)
15   DISABLE_ALLUSERBTN                                 Setup.obs
16   DISABLE_PERUSERBTN                                 Setup.obs
17   DISK1SETUPEXENAME                                  isrt.obl(DebugSymbols.obs)
18   DISK1TARGET                                        Setup.obs
19   ENABLED_ISERVICES                                  isrt.obl(DebugSymbols.obs)
20   ENGINECOMMONDIR                                    isrt.obl(DebugSymbols.obs)
21   ENGINEDIR                                          isrt.obl(DebugSymbols.obs)
22   ERRORFILENAME                                      Setup.obs
23   Err                                                Setup.obs
24   FILETIME                                           Setup.obs
25   FIND_DATAW                                         Setup.obs
26   FOLDER_APPDATA                                     isrt.obl(DebugSymbols.obs)
27   FOLDER_COMMON_APPDATA                              isrt.obl(DebugSymbols.obs)
28   FOLDER_DESKTOP                                     isrt.obl(DebugSymbols.obs)
29   FOLDER_DOTNET_10                                   isrt.obl(DebugSymbols.obs)
30   FOLDER_DOTNET_11                                   isrt.obl(DebugSymbols.obs)
31   FOLDER_DOTNET_20                                   isrt.obl(DebugSymbols.obs)
32   FOLDER_DOTNET_30                                   isrt.obl(DebugSymbols.obs)
33   FOLDER_DOTNET_35                                   isrt.obl(DebugSymbols.obs)
34   FOLDER_DOTNET_40                                   isrt.obl(DebugSymbols.obs)
35   FOLDER_FONTS                                       isrt.obl(DebugSymbols.obs)
36   FOLDER_LOCAL_APPDATA                               isrt.obl(DebugSymbols.obs)
37   FOLDER_PERSONAL                                    isrt.obl(DebugSymbols.obs)
38   FOLDER_PROGRAMS                                    isrt.obl(DebugSymbols.obs)
39   FOLDER_STARTMENU                                   isrt.obl(DebugSymbols.obs)
40   FOLDER_STARTUP                                     isrt.obl(DebugSymbols.obs)
41   FOLDER_TEMP                                        isrt.obl(DebugSymbols.obs)
42   FileRegistrar                                      Setup.obs
43   HIDE_DISABLED_BTNS                                 Setup.obs
44   HKEYCURRENTROOTKEY                                 Setup.obs
45   IFX_COMPANY_NAME                                   Setup.obs
46   IFX_DISK1INSTALLED                                 Setup.obs
47   IFX_INITIALIZED                                    Setup.obs
48   IFX_INSTALLED_DISPLAY_VERSION                      Setup.obs
49   IFX_INSTALLED_VERSION                              Setup.obs
50   IFX_KEYPATH_PRODUCT_INFO                           Setup.obs
51   IFX_MULTI_INSTANCE_SUFFIX                          Setup.obs
52   IFX_OPEN_RESTORE_POINT                             isrt.obl(PCRestore.obs)
53   IFX_PRODUCT_COMMENTS                               Setup.obs
54   IFX_PRODUCT_DISPLAY_NAME                           Setup.obs
55   IFX_PRODUCT_DISPLAY_VERSION                        Setup.obs
56   IFX_PRODUCT_ICON                                   Setup.obs
57   IFX_PRODUCT_KEY                                    Setup.obs
58   IFX_PRODUCT_NAME                                   Setup.obs
59   IFX_PRODUCT_README                                 Setup.obs
60   IFX_PRODUCT_REGISTEREDCOMPANY                      Setup.obs
61   IFX_PRODUCT_REGISTEREDOWNER                        Setup.obs
62   IFX_PRODUCT_REGISTEREDSERIALNUM                    Setup.obs
63   IFX_PRODUCT_SUPPORT_CONTACT                        Setup.obs
64   IFX_PRODUCT_SUPPORT_PHONE                          Setup.obs
65   IFX_PRODUCT_SUPPORT_URL                            Setup.obs
66   IFX_PRODUCT_UPDATE_URL                             Setup.obs
67   IFX_PRODUCT_URL                                    Setup.obs
68   IFX_PRODUCT_VERSION                                Setup.obs
69   IFX_RESTORE_DISABLED                               isrt.obl(PCRestore.obs)
70   IFX_SETUP_TITLE                                    Setup.obs
71   IFX_SUPPORTED_VERSIONS                             Setup.obs
72   IISROOTFOLDER                                      isrt.obl(DebugSymbols.obs)
73   INSTALLSCRIPTMSI                                   isrt.obl(DebugSymbols.obs)
74   INSTALLSCRIPTMSIEEUI                               isrt.obl(DebugSymbols.obs)
75   INSTANCE_GUID                                      isrt.obl(DebugSymbols.obs)
76   ISDIFXAPPID                                        Setup.obs
77   ISRES                                              isrt.obl(DebugSymbols.obs)
78   ISUSER                                             isrt.obl(DebugSymbols.obs)
79   ISUTIL_FUNCTION_ACTUAL_ERROR                       Setup.obs
80   ISUTIL_LINE_NUMBER                                 Setup.obs
81   ISUTIL_SCRIPT_FILE                                 Setup.obs
82   ISVERSION                                          isrt.obl(DebugSymbols.obs)
83   IS_NULLSTR_PTR                                     Setup.obs
84   InetSRCDIR                                         Setup.obs
85   LAAW_PARAMETERS                                    Setup.obs
86   LAAW_SHELLEXECUTEINFO                              Setup.obs
87   LAAW_SHELLEXECUTEVERB                              Setup.obs
88   LAAW_STARTUPINFO                                   Setup.obs
89   LAST_RESULT                                        Setup.obs
90   LogDB                                              Setup.obs
91   MAINTENANCE                                        isrt.obl(DebugSymbols.obs)
92   MAINT_OPTION                                       isrt.obl(DebugSymbols.obs)
93   MEDIA                                              Setup.obs
94   MEDIA_INFO                                         isrt.obl(Feature.obs)
95   MODE                                               Setup.obs
96   MSG                                                Setup.obs
97   MULTI_INSTANCE_COUNT                               isrt.obl(DebugSymbols.obs)
98   MainWindow                                         Setup.obs
99   NOTHING                                            Setup.obs
100  OSINFO_PLATFORM_INFO                               Setup.obs
101  OSINFO_PROCESSOR_INFO                              Setup.obs
102  OSVERSIONINFOEXW                                   Setup.obs
103  OSVERSIONINFOW                                     Setup.obs
104  Objects                                            Setup.obs
105  PACKAGE_LOCATION                                   isrt.obl(DebugSymbols.obs)
106  POINT                                              Setup.obs
107  PRIVILEGED                                         Setup.obs
108  PRODUCT_GUID                                       isrt.obl(DebugSymbols.obs)
109  PROGRAMFILES                                       isrt.obl(DebugSymbols.obs)
110  PROGRAMFILES64                                     isrt.obl(DebugSymbols.obs)
111  RECT                                               Setup.obs
112  REGDB_OPTIONS                                      Setup.obs
113  REINSTALLMODE                                      isrt.obl(DebugSymbols.obs)
114  REMOVEALLMODE                                      isrt.obl(DebugSymbols.obs)
115  REMOVEONLY                                         isrt.obl(DebugSymbols.obs)
116  RUN_ONCE_PROGRAM                                   isrt.obl(DebugSymbols.obs)
117  Reboot                                             Setup.obs
118  SELECTED_LANGUAGE                                  isrt.obl(DebugSymbols.obs)
119  SERVICE_IS_PARAMS                                  Setup.obs
120  SETUPTYPE_STR_COMPACT                              Setup.obs
121  SETUPTYPE_STR_COMPLETE                             Setup.obs
122  SETUPTYPE_STR_CUSTOM                               Setup.obs
123  SETUPTYPE_STR_TYPICAL                              Setup.obs
124  SHAREDSUPPORTDIR                                   isrt.obl(DebugSymbols.obs)
125  SHELLEXECUTEINFOW                                  Setup.obs
126  SHELL_OBJECT_FOLDER                                Setup.obs
127  SHOW_PASSWORD_DIALOG                               isrt.obl(DebugSymbols.obs)
128  SRCDIR                                             Setup.obs
129  SRCDISK                                            isrt.obl(DebugSymbols.obs)
130  STANDARD_SELECTED_LANGUAGE                         isrt.obl(DebugSymbols.obs)
131  STARTUPINFOW                                       Setup.obs
132  SUITE_HOSTED                                       isrt.obl(DebugSymbols.obs)
133  SUPPORTDIR                                         isrt.obl(DebugSymbols.obs)
134  SYSINFO                                            Setup.obs
135  SYSPROCESSORINFO                                   Setup.obs
136  SYSTEMTIME                                         Setup.obs
137  SetupInfo                                          Setup.obs
138  StatusDlg                                          Setup.obs
139  SuiteHost                                          Setup.obs
140  TARGETDIR                                          Setup.obs
141  TARGETDISK                                         isrt.obl(DebugSymbols.obs)
142  TextSub                                            Setup.obs
143  UNINST                                             Setup.obs
144  UNINSTALLKEY                                       Setup.obs
145  UNINSTALL_DISPLAYNAME                              Setup.obs
146  UNINSTALL_STRING                                   Setup.obs
147  UPDATEMODE                                         Setup.obs
148  WINDIR                                             isrt.obl(DebugSymbols.obs)
149  WINDISK                                            isrt.obl(DebugSymbols.obs)
150  WINSYSDIR                                          isrt.obl(DebugSymbols.obs)
151  WINSYSDIR64                                        isrt.obl(DebugSymbols.obs)
152  WINSYSDISK                                         isrt.obl(DebugSymbols.obs)
153  _FONTFILEINFO                                      Setup.obs
154  _INT64                                             Setup.obs
155  _ISDIFXINSTALLERINFO                               isrt.obl(ISDIFx.obs)
156  _LAAW_PARAMETERS                                   Setup.obs
157  _RESTOREPOINTINFO                                  Setup.obs
158  _SERVICE_IS_PARAMS                                 Setup.obs
159  _STATEMGRSTATUS                                    Setup.obs
160  _WIN9X                                             Setup.obs
161  _WINNT                                             Setup.obs
162  __hContext                                         Setup.obs
163  __objGlobalTextSub                                 Setup.obs
164  __szGUID                                           Setup.obs
165  bBackButton                                        Setup.obs
166  bCancelButton                                      Setup.obs
167  bEnterDiskBeep                                     Setup.obs
168  bFinishButton                                      Setup.obs
169  bIFXLFNoToAll                                      Setup.obs
170  bIFXLFOnRebootToAll                                Setup.obs
171  bIFXLFYesToAll                                     Setup.obs
172  bIFXMD5IgnoreToAll                                 Setup.obs
173  bIFXRONoToAll                                      Setup.obs
174  bIFXROYesToAll                                     Setup.obs
175  bIFXSFNoToAll                                      Setup.obs
176  bIFXSFYesToAll                                     Setup.obs
177  bInstall16                                         Setup.obs
178  bNextButton                                        Setup.obs
179  bSdInit                                            Setup.obs
180  bViewCmptKunits                                    Setup.obs
181  bViewCmptUseDecimal                                Setup.obs
182  g_bSQLRTInitialized                                Setup.obs
183  g_bSuppressMissingStringWarning                    isrt.obl(Enable.obs)
184  g_bXMLRTInitialized                                Setup.obs
185  nDlgEnterPassword                                  Setup.obs
186  nDlgMessageBox                                     Setup.obs
187  nDlgSQLSELECTLOGIN                                 Setup.obs
188  nDlgSelectDir                                      Setup.obs
189  nDlgSprintfBox                                     Setup.obs
190  nSdAskDestPath2                                    Setup.obs
191  nSdComponentTree                                   Setup.obs
192  nSdFinish                                          Setup.obs
193  nSdFinishReboot                                    Setup.obs
194  nSdLicense2                                        Setup.obs
195  nSdLicense2Rtf                                     Setup.obs
196  nSdStartCopy2                                      Setup.obs
197  nSdWelcome                                         Setup.obs
198  nSdWelcomeMaint                                    Setup.obs
199  szAppKey                                           Setup.obs
200  szSdProduct                                        Setup.obs
201  szSdStr_NotEnoughSpace                             Setup.obs
